[    0.000000] Initializing cgroup subsys cpuset
[    0.000000] Initializing cgroup subsys cpu
[    0.000000] Initializing cgroup subsys cpuacct
[    0.000000] Linux version 4.4.0-169-generic (buildd@lgw01-amd64-038) (gcc version 5.4.0 20160609 (Ubuntu 5.4.0-6ubuntu1~16.04.12) ) #198-Ubuntu SMP Tue Nov 12 10:38:00 UTC 2019 (Ubuntu 4.4.0-169.198-generic 4.4.197)
[    0.000000] Command line: BOOT_IMAGE=/boot/vmlinuz-4.4.0-169-generic root=LABEL=cloudimg-rootfs ro console=tty1 console=ttyS0
[    0.000000] KERNEL supported cpus:
[    0.000000]   Intel GenuineIntel
[    0.000000]   AMD AuthenticAMD
[    0.000000]   Centaur CentaurHauls
[    0.000000] [Firmware Bug]: TSC doesn't count with P0 frequency!
[    0.000000] x86/fpu: xstate_offset[2]:  576, xstate_sizes[2]:  256
[    0.000000] x86/fpu: Supporting XSAVE feature 0x01: 'x87 floating point registers'
[    0.000000] x86/fpu: Supporting XSAVE feature 0x02: 'SSE registers'
[    0.000000] x86/fpu: Supporting XSAVE feature 0x04: 'AVX registers'
[    0.000000] x86/fpu: Enabled xstate features 0x7, context size is 832 bytes, using 'standard' format.
[    0.000000] e820: BIOS-provided physical RAM map:
[    0.000000] BIOS-e820: [mem 0x0000000000000000-0x000000000009fbff] usable
[    0.000000] BIOS-e820: [mem 0x000000000009fc00-0x000000000009ffff] reserved
[    0.000000] BIOS-e820: [mem 0x00000000000f0000-0x00000000000fffff] reserved
[    0.000000] BIOS-e820: [mem 0x0000000000100000-0x000000001ffeffff] usable
[    0.000000] BIOS-e820: [mem 0x000000001fff0000-0x000000001fffffff] ACPI data
[    0.000000] BIOS-e820: [mem 0x00000000fec00000-0x00000000fec00fff] reserved
[    0.000000] BIOS-e820: [mem 0x00000000fee00000-0x00000000fee00fff] reserved
[    0.000000] BIOS-e820: [mem 0x00000000fffc0000-0x00000000ffffffff] reserved
[    0.000000] NX (Execute Disable) protection: active
[    0.000000] SMBIOS 2.5 present.
[    0.000000] Hypervisor detected: KVM
[    0.000000] Kernel/User page tables isolation: disabled
[    0.000000] e820: last_pfn = 0x1fff0 max_arch_pfn = 0x400000000
[    0.000000] MTRR: Disabled
[    0.000000] x86/PAT: MTRRs disabled, skipping PAT initialization too.
[    0.000000] CPU MTRRs all blank - virtualized system.
[    0.000000] x86/PAT: Configuration [0-7]: WB  WT  UC- UC  WB  WT  UC- UC  
[    0.000000] found SMP MP-table at [mem 0x0009fff0-0x0009ffff] mapped at [ffff88000009fff0]
[    0.000000] Scanning 1 areas for low memory corruption
[    0.000000] RAMDISK: [mem 0x1e8d3000-0x1f74ffff]
[    0.000000] ACPI: Early table checksum verification disabled
[    0.000000] ACPI: RSDP 0x00000000000E0000 000024 (v02 VBOX  )
[    0.000000] ACPI: XSDT 0x000000001FFF0030 00003C (v01 VBOX   VBOXXSDT 00000001 ASL  00000061)
[    0.000000] ACPI: FACP 0x000000001FFF00F0 0000F4 (v04 VBOX   VBOXFACP 00000001 ASL  00000061)
[    0.000000] ACPI: DSDT 0x000000001FFF0470 0022EA (v02 VBOX   VBOXBIOS 00000002 INTL 20100528)
[    0.000000] ACPI: FACS 0x000000001FFF0200 000040
[    0.000000] ACPI: FACS 0x000000001FFF0200 000040
[    0.000000] ACPI: APIC 0x000000001FFF0240 000054 (v02 VBOX   VBOXAPIC 00000001 ASL  00000061)
[    0.000000] ACPI: SSDT 0x000000001FFF02A0 0001CC (v01 VBOX   VBOXCPUT 00000002 INTL 20100528)
[    0.000000] No NUMA configuration found
[    0.000000] Faking a node at [mem 0x0000000000000000-0x000000001ffeffff]
[    0.000000] NODE_DATA(0) allocated [mem 0x1ffeb000-0x1ffeffff]
[    0.000000] kvm-clock: Using msrs 4b564d01 and 4b564d00
[    0.000000] kvm-clock: cpu 0, msr 0:1ffe3001, primary cpu clock
[    0.000000] kvm-clock: using sched offset of 3584366732 cycles
[    0.000000] clocksource: kvm-clock: mask: 0xffffffffffffffff max_cycles: 0x1cd42e4dffb, max_idle_ns: 881590591483 ns
[    0.000000] Zone ranges:
[    0.000000]   DMA      [mem 0x0000000000001000-0x0000000000ffffff]
[    0.000000]   DMA32    [mem 0x0000000001000000-0x000000001ffeffff]
[    0.000000]   Normal   empty
[    0.000000]   Device   empty
[    0.000000] Movable zone start for each node
[    0.000000] Early memory node ranges
[    0.000000]   node   0: [mem 0x0000000000001000-0x000000000009efff]
[    0.000000]   node   0: [mem 0x0000000000100000-0x000000001ffeffff]
[    0.000000] Initmem setup node 0 [mem 0x0000000000001000-0x000000001ffeffff]
[    0.000000] ACPI: PM-Timer IO Port: 0x4008
[    0.000000] IOAPIC[0]: apic_id 1, version 32, address 0xfec00000, GSI 0-23
[    0.000000] ACPI: INT_SRC_OVR (bus 0 bus_irq 0 global_irq 2 dfl dfl)
[    0.000000] ACPI: INT_SRC_OVR (bus 0 bus_irq 9 global_irq 9 low level)
[    0.000000] Using ACPI (MADT) for SMP configuration information
[    0.000000] smpboot: Allowing 1 CPUs, 0 hotplug CPUs
[    0.000000] PM: Registered nosave memory: [mem 0x00000000-0x00000fff]
[    0.000000] PM: Registered nosave memory: [mem 0x0009f000-0x0009ffff]
[    0.000000] PM: Registered nosave memory: [mem 0x000a0000-0x000effff]
[    0.000000] PM: Registered nosave memory: [mem 0x000f0000-0x000fffff]
[    0.000000] e820: [mem 0x20000000-0xfebfffff] available for PCI devices
[    0.000000] Booting paravirtualized kernel on KVM
[    0.000000] clocksource: refined-jiffies: mask: 0xffffffff max_cycles: 0xffffffff, max_idle_ns: 7645519600211568 ns
[    0.000000] setup_percpu: NR_CPUS:512 nr_cpumask_bits:512 nr_cpu_ids:1 nr_node_ids:1
[    0.000000] PERCPU: Embedded 33 pages/cpu @ffff88001fc00000 s95448 r8192 d31528 u2097152
[    0.000000] Built 1 zonelists in Node order, mobility grouping on.  Total pages: 128888
[    0.000000] Policy zone: DMA32
[    0.000000] Kernel command line: BOOT_IMAGE=/boot/vmlinuz-4.4.0-169-generic root=LABEL=cloudimg-rootfs ro console=tty1 console=ttyS0
[    0.000000] PID hash table entries: 2048 (order: 2, 16384 bytes)
[    0.000000] Memory: 481772K/523832K available (8623K kernel code, 1336K rwdata, 4036K rodata, 1488K init, 1288K bss, 42060K reserved, 0K cma-reserved)
[    0.000000] SLUB: HWalign=64, Order=0-3, MinObjects=0, CPUs=1, Nodes=1
[    0.000000] Hierarchical RCU implementation.
[    0.000000] 	Build-time adjustment of leaf fanout to 64.
[    0.000000] 	RCU restricting CPUs from NR_CPUS=512 to nr_cpu_ids=1.
[    0.000000] RCU: Adjusting geometry for rcu_fanout_leaf=64, nr_cpu_ids=1
[    0.000000] NR_IRQS:33024 nr_irqs:256 16
[    0.000000] Console: colour VGA+ 80x25
[    0.000000] console [tty1] enabled
[    0.000000] console [ttyS0] enabled
[    0.000000] tsc: Detected 3393.618 MHz processor
[    0.110964] Calibrating delay loop (skipped) preset value.. 6787.23 BogoMIPS (lpj=13574472)
[    0.112326] pid_max: default: 32768 minimum: 301
[    0.113063] ACPI: Core revision 20150930
[    0.114569] ACPI: 2 ACPI AML tables successfully acquired and loaded
[    0.115611] Security Framework initialized
[    0.116270] Yama: becoming mindful.
[    0.116875] AppArmor: AppArmor initialized
[    0.117578] Dentry cache hash table entries: 65536 (order: 7, 524288 bytes)
[    0.118643] Inode-cache hash table entries: 32768 (order: 6, 262144 bytes)
[    0.119668] Mount-cache hash table entries: 1024 (order: 1, 8192 bytes)
[    0.120725] Mountpoint-cache hash table entries: 1024 (order: 1, 8192 bytes)
[    0.121867] Initializing cgroup subsys io
[    0.122529] Initializing cgroup subsys memory
[    0.123254] Initializing cgroup subsys devices
[    0.123976] Initializing cgroup subsys freezer
[    0.124677] Initializing cgroup subsys net_cls
[    0.125382] Initializing cgroup subsys perf_event
[    0.126130] Initializing cgroup subsys net_prio
[    0.126865] Initializing cgroup subsys hugetlb
[    0.127571] Initializing cgroup subsys pids
[    0.128320] CPU0: Hyper-Threading is disabled
[    0.134399] mce: CPU supports 0 MCE banks
[    0.135084] Last level iTLB entries: 4KB 1024, 2MB 1024, 4MB 512
[    0.135957] Last level dTLB entries: 4KB 1536, 2MB 1536, 4MB 768, 1GB 0
[    0.136983] Spectre V1 : Mitigation: usercopy/swapgs barriers and __user pointer sanitization
[    0.138329] Spectre V2 : Spectre mitigation: LFENCE not serializing, switching to generic retpoline
[    0.139730] Spectre V2 : Mitigation: Full generic retpoline
[    0.140569] Spectre V2 : Spectre v2 / SpectreRSB mitigation: Filling RSB on context switch
[    0.141865] Speculative Store Bypass: Mitigation: Speculative Store Bypass disabled via prctl and seccomp
[    0.158514] Freeing SMP alternatives memory: 36K
[    0.164849] ftrace: allocating 32301 entries in 127 pages
[    0.226442] smpboot: APIC(0) Converting physical 0 to logical package 0
[    0.227485] smpboot: Max logical packages: 1
[    0.228421] x2apic enabled
[    0.229167] Switched APIC routing to physical x2apic.
[    0.230964] ..TIMER: vector=0x30 apic1=0 pin1=2 apic2=-1 pin2=-1
[    0.339989] smpboot: CPU0: AMD Ryzen 5 2600 Six-Core Processor (family: 0x17, model: 0x8, stepping: 0x2)
[    0.341649] Performance Events: Broken PMU hardware detected, using software events only.
[    0.343028] Failed to access perfctr msr (MSR c0010007 is 0)
[    0.350258] KVM setup paravirtual spinlock
[    0.351486] x86: Booted up 1 node, 1 CPUs
[    0.352165] smpboot: Total of 1 processors activated (6787.23 BogoMIPS)
[    0.353511] devtmpfs: initialized
[    0.355990] evm: security.selinux
[    0.356581] evm: security.SMACK64
[    0.357209] evm: security.SMACK64EXEC
[    0.357853] evm: security.SMACK64TRANSMUTE
[    0.358571] evm: security.SMACK64MMAP
[    0.359250] evm: security.ima
[    0.359839] evm: security.capability
[    0.360633] clocksource: jiffies: mask: 0xffffffff max_cycles: 0xffffffff, max_idle_ns: 7645041785100000 ns
[    0.362218] futex hash table entries: 256 (order: 2, 16384 bytes)
[    0.363226] pinctrl core: initialized pinctrl subsystem
[    0.364191] RTC time: 15:31:29, date: 03/21/20
[    0.365183] NET: Registered protocol family 16
[    0.366074] cpuidle: using governor ladder
[    0.366791] cpuidle: using governor menu
[    0.367494] PCCT header not found.
[    0.368371] ACPI: bus type PCI registered
[    0.369052] acpiphp: ACPI Hot Plug PCI Controller Driver version: 0.5
[    0.370088] PCI: Using configuration type 1 for base access
[    0.371035] PCI: Using configuration type 1 for extended access
[    0.372872] ACPI: Added _OSI(Module Device)
[    0.373590] ACPI: Added _OSI(Processor Device)
[    0.374320] ACPI: Added _OSI(3.0 _SCP Extensions)
[    0.375092] ACPI: Added _OSI(Processor Aggregator Device)
[    0.376363] ACPI: Executed 1 blocks of module-level executable AML code
[    0.378997] ACPI: Interpreter enabled
[    0.379641] ACPI: (supports S0 S5)
[    0.380243] ACPI: Using IOAPIC for interrupt routing
[    0.381156] PCI: Using host bridge windows from ACPI; if necessary, use "pci=nocrs" and report a bug
[    0.385344] ACPI: PCI Root Bridge [PCI0] (domain 0000 [bus 00-ff])
[    0.386302] acpi PNP0A03:00: _OSC: OS supports [ExtendedConfig ASPM ClockPM Segments MSI]
[    0.388166] acpi PNP0A03:00: _OSC: platform does not support [PCIeCapability]
[    0.389519] acpi PNP0A03:00: _OSC: not requesting control; platform does not support [PCIeCapability]
[    0.391128] acpi PNP0A03:00: _OSC: OS requested [PCIeHotplug PME AER PCIeCapability]
[    0.392433] acpi PNP0A03:00: _OSC: platform willing to grant [PCIeHotplug PME AER]
[    0.393767] acpi PNP0A03:00: _OSC failed (AE_SUPPORT); disabling ASPM
[    0.395020] PCI host bridge to bus 0000:00
[    0.395725] pci_bus 0000:00: root bus resource [io  0x0000-0x0cf7 window]
[    0.396760] pci_bus 0000:00: root bus resource [io  0x0d00-0xffff window]
[    0.405157] pci_bus 0000:00: root bus resource [mem 0x000a0000-0x000bffff window]
[    0.406424] pci_bus 0000:00: root bus resource [mem 0x20000000-0xfdffffff window]
[    0.407664] pci_bus 0000:00: root bus resource [bus 00-ff]
[    0.410176] pci 0000:00:01.1: legacy IDE quirk: reg 0x10: [io  0x01f0-0x01f7]
[    0.411201] pci 0000:00:01.1: legacy IDE quirk: reg 0x14: [io  0x03f6]
[    0.412152] pci 0000:00:01.1: legacy IDE quirk: reg 0x18: [io  0x0170-0x0177]
[    0.413185] pci 0000:00:01.1: legacy IDE quirk: reg 0x1c: [io  0x0376]
[    0.421246] pci 0000:00:07.0: quirk: [io  0x4000-0x403f] claimed by PIIX4 ACPI
[    0.422462] pci 0000:00:07.0: quirk: [io  0x4100-0x410f] claimed by PIIX4 SMB
[    0.427573] ACPI: PCI Interrupt Link [LNKA] (IRQs 5 9 10 *11)
[    0.428983] ACPI: PCI Interrupt Link [LNKB] (IRQs 5 9 *10 11)
[    0.430244] ACPI: PCI Interrupt Link [LNKC] (IRQs 5 *9 10 11)
[    0.431541] ACPI: PCI Interrupt Link [LNKD] (IRQs 5 9 10 *11)
[    0.432861] ACPI: Enabled 2 GPEs in block 00 to 07
[    0.433887] vgaarb: setting as boot device: PCI:0000:00:02.0
[    0.434732] vgaarb: device added: PCI:0000:00:02.0,decodes=io+mem,owns=io+mem,locks=none
[    0.436020] vgaarb: loaded
[    0.436538] vgaarb: bridge control possible 0000:00:02.0
[    0.437586] SCSI subsystem initialized
[    0.438396] ACPI: bus type USB registered
[    0.439093] usbcore: registered new interface driver usbfs
[    0.439913] usbcore: registered new interface driver hub
[    0.440730] usbcore: registered new device driver usb
[    0.441633] PCI: Using ACPI for IRQ routing
[    0.442568] NetLabel: Initializing
[    0.443173] NetLabel:  domain hash size = 128
[    0.443878] NetLabel:  protocols = UNLABELED CIPSOv4
[    0.444663] NetLabel:  unlabeled traffic allowed by default
[    0.445621] amd_nb: Cannot enumerate AMD northbridges
[    0.446440] clocksource: Switched to clocksource kvm-clock
[    0.452322] AppArmor: AppArmor Filesystem Enabled
[    0.453173] pnp: PnP ACPI init
[    0.454460] pnp: PnP ACPI: found 3 devices
[    0.461558] clocksource: acpi_pm: mask: 0xffffff max_cycles: 0xffffff, max_idle_ns: 2085701024 ns
[    0.462995] NET: Registered protocol family 2
[    0.463841] TCP established hash table entries: 4096 (order: 3, 32768 bytes)
[    0.464899] TCP bind hash table entries: 4096 (order: 4, 65536 bytes)
[    0.465861] TCP: Hash tables configured (established 4096 bind 4096)
[    0.466798] UDP hash table entries: 256 (order: 1, 8192 bytes)
[    0.467702] UDP-Lite hash table entries: 256 (order: 1, 8192 bytes)
[    0.468664] NET: Registered protocol family 1
[    0.469402] pci 0000:00:00.0: Limiting direct PCI/PCI transfers
[    0.470318] pci 0000:00:01.0: Activating ISA DMA hang workarounds
[    0.471363] Unpacking initramfs...
[    0.665842] Freeing initrd memory: 14836K
[    0.666726] clocksource: tsc: mask: 0xffffffffffffffff max_cycles: 0x30eac19cc8f, max_idle_ns: 440795211151 ns
[    0.668233] platform rtc_cmos: registered platform RTC device (no PNP device found)
[    0.669431] Scanning for low memory corruption every 60 seconds
[    0.670530] audit: initializing netlink subsys (disabled)
[    0.671390] audit: type=2000 audit(1584804695.304:1): initialized
[    0.672584] Initialise system trusted keyring
[    0.673476] HugeTLB registered 2 MB page size, pre-allocated 0 pages
[    0.675195] zbud: loaded
[    0.675973] VFS: Disk quotas dquot_6.6.0
[    0.676609] VFS: Dquot-cache hash table entries: 512 (order 0, 4096 bytes)
[    0.677714] squashfs: version 4.0 (2009/01/31) Phillip Lougher
[    0.678714] fuse init (API version 7.23)
[    0.679422] Key type big_key registered
[    0.680067] Allocating IMA MOK and blacklist keyrings.
[    0.680995] Key type asymmetric registered
[    0.681654] Asymmetric key parser 'x509' registered
[    0.682413] Block layer SCSI generic (bsg) driver version 0.4 loaded (major 249)
[    0.683642] io scheduler noop registered
[    0.684270] io scheduler deadline registered (default)
[    0.685070] io scheduler cfq registered
[    0.685785] pci_hotplug: PCI Hot Plug PCI Core version: 0.5
[    0.686653] pciehp: PCI Express Hot Plug Controller Driver version: 0.4
[    0.687718] ACPI: AC Adapter [AC] (on-line)
[    0.688450] input: Power Button as /devices/LNXSYSTM:00/LNXPWRBN:00/input/input0
[    0.689661] ACPI: Power Button [PWRF]
[    0.690340] input: Sleep Button as /devices/LNXSYSTM:00/LNXSLPBN:00/input/input1
[    0.691646] ACPI: Sleep Button [SLPF]
[    0.692340] GHES: HEST is not enabled!
[    0.693005] Serial: 8250/16550 driver, 32 ports, IRQ sharing enabled
[    0.714334] 00:02: ttyS0 at I/O 0x3f8 (irq = 4, base_baud = 115200) is a 16550A
[    0.716250] Linux agpgart interface v0.103
[    0.717621] loop: module loaded
[    0.718603] scsi host0: ata_piix
[    0.719221] scsi host1: ata_piix
[    0.719789] ata1: PATA max UDMA/33 cmd 0x1f0 ctl 0x3f6 bmdma 0xd000 irq 14
[    0.720694] ata2: PATA max UDMA/33 cmd 0x170 ctl 0x376 bmdma 0xd008 irq 15
[    0.721877] libphy: Fixed MDIO Bus: probed
[    0.722578] tun: Universal TUN/TAP device driver, 1.6
[    0.723372] tun: (C) 1999-2004 Max Krasnyansky <maxk@qualcomm.com>
[    0.724329] PPP generic driver version 2.4.2
[    0.725286] ehci_hcd: USB 2.0 'Enhanced' Host Controller (EHCI) Driver
[    0.726234] ehci-pci: EHCI PCI platform driver
[    0.726967] ehci-platform: EHCI generic platform driver
[    0.727734] ohci_hcd: USB 1.1 'Open' Host Controller (OHCI) Driver
[    0.728642] ohci-pci: OHCI PCI platform driver
[    0.729339] ohci-platform: OHCI generic platform driver
[    0.730143] uhci_hcd: USB Universal Host Controller Interface driver
[    0.731132] i8042: PNP: PS/2 Controller [PNP0303:PS2K,PNP0f03:PS2M] at 0x60,0x64 irq 1,12
[    0.732792] serio: i8042 KBD port at 0x60,0x64 irq 1
[    0.733563] serio: i8042 AUX port at 0x60,0x64 irq 12
[    0.734410] mousedev: PS/2 mouse device common for all mice
[    0.735476] input: AT Translated Set 2 keyboard as /devices/platform/i8042/serio0/input/input2
[    0.737108] rtc_cmos rtc_cmos: rtc core: registered rtc_cmos as rtc0
[    0.738095] rtc_cmos rtc_cmos: alarms up to one day, 114 bytes nvram
[    0.739031] i2c /dev entries driver
[    0.739719] device-mapper: uevent: version 1.0.3
[    0.740518] device-mapper: ioctl: 4.34.0-ioctl (2015-10-28) initialised: dm-devel@redhat.com
[    0.741822] ledtrig-cpu: registered to indicate activity on CPUs
[    0.742893] NET: Registered protocol family 10
[    0.743807] NET: Registered protocol family 17
[    0.744492] Key type dns_resolver registered
[    0.745323] registered taskstats version 1
[    0.745989] Loading compiled-in X.509 certificates
[    0.747195] Loaded X.509 cert 'Build time autogenerated kernel key: ef3203c14e3994470d47ef6a7e15c1ade40f8e1e'
[    0.748658] zswap: loaded using pool lzo/zbud
[    0.750389] Key type trusted registered
[    0.752680] Key type encrypted registered
[    0.753337] AppArmor: AppArmor sha1 policy hashing enabled
[    0.754148] ima: No TPM chip found, activating TPM-bypass!
[    0.754952] ima: Allocated hash algorithm: sha1
[    0.755643] evm: HMAC attrs: 0x1
[    0.756436]   Magic number: 12:627:538
[    0.757085] tty ttyS18: hash matches
[    0.757859] rtc_cmos rtc_cmos: setting system clock to 2020-03-21 15:31:30 UTC (1584804690)
[    0.759221] BIOS EDD facility v0.16 2004-Jun-25, 0 devices found
[    0.760093] EDD information not available.
[    0.880642] Freeing unused kernel memory: 1488K
[    0.881734] Write protecting the kernel read-only data: 14336k
[    0.883455] Freeing unused kernel memory: 1604K
[    0.884605] Freeing unused kernel memory: 60K
Loading, please wait...
starting version 229
[    0.894736] random: udevadm: uninitialized urandom read (16 bytes read, 3 bits of entropy available)
[    0.896443] random: systemd-udevd: uninitialized urandom read (16 bytes read, 3 bits of entropy available)
[    0.897913] random: systemd-udevd: uninitialized urandom read (16 bytes read, 3 bits of entropy available)
[    0.899374] random: systemd-udevd: uninitialized urandom read (16 bytes read, 3 bits of entropy available)
[    0.900802] random: systemd-udevd: uninitialized urandom read (16 bytes read, 3 bits of entropy available)
[    0.902776] random: udevadm: uninitialized urandom read (16 bytes read, 3 bits of entropy available)
[    0.910032] random: systemd-udevd: uninitialized urandom read (16 bytes read, 3 bits of entropy available)
[    0.911571] random: systemd-udevd: uninitialized urandom read (16 bytes read, 3 bits of entropy available)
[    0.912999] random: systemd-udevd: uninitialized urandom read (16 bytes read, 3 bits of entropy available)
[    0.915759] random: systemd-udevd: uninitialized urandom read (16 bytes read, 3 bits of entropy available)
[    0.964041] e1000: Intel(R) PRO/1000 Network Driver - version 7.3.21-k8-NAPI
[    0.965066] e1000: Copyright (c) 1999-2006 Intel Corporation.
[    0.969906] Fusion MPT base driver 3.04.20
[    0.970575] Copyright (c) 1999-2008 LSI Corporation
[    0.973733] Fusion MPT SPI Host driver 3.04.20
[    0.997202] AVX2 version of gcm_enc/dec engaged.
[    0.997954] AES CTR mode by8 optimization enabled
[    1.182321] input: ImExPS/2 Generic Explorer Mouse as /devices/platform/i8042/serio1/input/input4
[    1.326701] e1000 0000:00:03.0 eth0: (PCI:33MHz:32-bit) 02:39:67:e0:78:98
[    1.327713] e1000 0000:00:03.0 eth0: Intel(R) PRO/1000 Network Connection
[    1.329134] mptbase: ioc0: Initiating bringup
[    1.391534] ioc0: LSI53C1030 A0: Capabilities={Initiator}
[    1.551916] scsi host2: ioc0: LSI53C1030 A0, FwRev=00000000h, Ports=1, MaxQ=256, IRQ=20
[    1.663742] scsi 2:0:0:0: Direct-Access     VBOX     HARDDISK         1.0  PQ: 0 ANSI: 5
[    1.664985] scsi target2:0:0: Beginning Domain Validation
[    1.667075] scsi target2:0:0: Domain Validation skipping write tests
[    1.676998] scsi target2:0:0: Ending Domain Validation
[    1.677880] scsi target2:0:0: asynchronous
[    1.678832] scsi 2:0:1:0: Direct-Access     VBOX     HARDDISK         1.0  PQ: 0 ANSI: 5
[    1.680045] scsi target2:0:1: Beginning Domain Validation
[    1.681513] scsi target2:0:1: Domain Validation skipping write tests
[    1.682389] scsi target2:0:1: Ending Domain Validation
[    1.683184] scsi target2:0:1: asynchronous
[    1.687122] sd 2:0:0:0: Attached scsi generic sg0 type 0
[    1.687947] sd 2:0:0:0: [sda] 20971520 512-byte logical blocks: (10.7 GB/10.0 GiB)
[    1.689517] sd 2:0:1:0: [sdb] 20480 512-byte logical blocks: (10.5 MB/10.0 MiB)
[    1.694865] sd 2:0:1:0: Attached scsi generic sg1 type 0
[    1.695766] sd 2:0:1:0: [sdb] Write Protect is off
[    1.696489] sd 2:0:0:0: [sda] Write Protect is off
[    1.697254] sd 2:0:1:0: [sdb] Incomplete mode parameter data
[    1.698080] sd 2:0:1:0: [sdb] Assuming drive cache: write through
[    1.698977] sd 2:0:0:0: [sda] Incomplete mode parameter data
[    1.699775] sd 2:0:0:0: [sda] Assuming drive cache: write through
[    1.721859]  sda: sda1
[    1.726899] sd 2:0:0:0: [sda] Attached SCSI disk
[    1.748130] sd 2:0:1:0: [sdb] Attached SCSI disk
[    2.022615] e1000 0000:00:08.0 eth1: (PCI:33MHz:32-bit) 08:00:27:a5:ce:2b
[    2.023586] e1000 0000:00:08.0 eth1: Intel(R) PRO/1000 Network Connection
[    2.025263] e1000 0000:00:08.0 enp0s8: renamed from eth1
[    2.027251] e1000 0000:00:03.0 enp0s3: renamed from eth0
Begin: Loading essential drivers ... [    3.273216] md: linear personality registered for level -1
[    3.275715] md: multipath personality registered for level -4
[    3.278128] md: raid0 personality registered for level 0
[    3.281112] md: raid1 personality registered for level 1
[    3.350633] raid6: sse2x1   gen()  7924 MB/s
[    3.419022] raid6: sse2x1   xor()  7946 MB/s
[    3.486454] raid6: sse2x2   gen() 17151 MB/s
[    3.554946] raid6: sse2x2   xor() 10622 MB/s
[    3.622883] raid6: sse2x4   gen() 17186 MB/s
[    3.690872] raid6: sse2x4   xor()  9346 MB/s
[    3.758840] raid6: avx2x1   gen() 19664 MB/s
[    3.826823] raid6: avx2x2   gen() 24481 MB/s
[    3.894790] raid6: avx2x4   gen() 24864 MB/s
[    3.895505] raid6: using algorithm avx2x4 gen() 24864 MB/s
[    3.896300] raid6: using avx2x2 recovery algorithm
[    3.898396] xor: automatically using best checksumming function:
[    3.938805]    avx       : 14824.000 MB/sec
[    3.940764] async_tx: api initialized (async)
[    3.948784] md: raid6 personality registered for level 6
[    3.949593] md: raid5 personality registered for level 5
[    3.950461] md: raid4 personality registered for level 4
[    3.954950] md: raid10 personality registered for level 10
done.
Begin: Running /scripts/init-premount ... done.
Begin: Mounting root file system ... Begin: Running /scripts/local-top ... done.
Begin: Running /scripts/local-premount ... [    3.980510] Btrfs loaded
Scanning for Btrfs filesystems
done.
Warning: fsck not present, so skipping root file system
[    4.130309] EXT4-fs (sda1): mounted filesystem with ordered data mode. Opts: (null)
done.
Begin: Running /scripts/local-bottom ... done.
Begin: Running /scripts/init-bottom ... done.
[    4.858366] random: nonblocking pool is initialized
[    5.151570] systemd[1]: systemd 229 running in system mode. (+PAM +AUDIT +SELINUX +IMA +APPARMOR +SMACK +SYSVINIT +UTMP +LIBCRYPTSETUP +GCRYPT +GNUTLS +ACL +XZ -LZ4 +SECCOMP +BLKID +ELFUTILS +KMOD -IDN)
[    5.154236] systemd[1]: Detected virtualization oracle.
[    5.155041] systemd[1]: Detected architecture x86-64.

Welcome to [1mUbuntu 16.04.6 LTS[0m!

[    5.202261] systemd[1]: Set hostname to <ubuntu>.
[    5.248797] systemd[1]: Initializing machine ID from random generator.
[    5.249787] systemd[1]: Installed transient /etc/machine-id file.
[    6.712381] systemd[1]: Listening on Journal Audit Socket.
[[0;32m  OK  [0m] Listening on Journal Audit Socket.
[    6.713993] systemd[1]: Reached target User and Group Name Lookups.
[[0;32m  OK  [0m] Reached target User and Group Name Lookups.
[    6.715698] systemd[1]: Listening on LVM2 poll daemon socket.
[[0;32m  OK  [0m] Listening on LVM2 poll daemon socket.
[    6.717269] systemd[1]: Reached target Encrypted Volumes.
[[0;32m  OK  [0m] Reached target Encrypted Volumes.
[    6.718815] systemd[1]: Listening on udev Control Socket.
[[0;32m  OK  [0m] Listening on udev Control Socket.
[    6.720315] systemd[1]: Reached target System Time Synchronized.
[[0;32m  OK  [0m] Reached target System Time Synchronized.
[    6.721945] systemd[1]: Listening on Device-mapper event daemon FIFOs.
[[0;32m  OK  [0m] Listening on Device-mapper event daemon FIFOs.
[    6.723710] systemd[1]: Listening on Syslog Socket.
[[0;32m  OK  [0m] Listening on Syslog Socket.
[    6.725175] systemd[1]: Listening on Journal Socket (/dev/log).
[[0;32m  OK  [0m] Listening on Journal Socket (/dev/log).
[    6.726719] systemd[1]: Reached target Swap.
[[0;32m  OK  [0m] Reached target Swap.
[    6.728070] systemd[1]: Listening on udev Kernel Socket.
[[0;32m  OK  [0m] Listening on udev Kernel Socket.
[    6.729782] systemd[1]: Created slice System Slice.
[[0;32m  OK  [0m] Created slice System Slice.
[    6.731421] systemd[1]: Created slice system-serial\x2dgetty.slice.
[[0;32m  OK  [0m] Created slice system-serial\x2dgetty.slice.
[    6.733275] systemd[1]: Created slice User and Session Slice.
[[0;32m  OK  [0m] Created slice User and Session Slice.
[    6.734911] systemd[1]: Reached target Slices.
[[0;32m  OK  [0m] Reached target Slices.
[    6.736422] systemd[1]: Set up automount Arbitrary Executable File Formats File System Automount Point.
[[0;32m  OK  [0m] Set up automount Arbitrary Executab...ats File System Automount Point.
[    6.738881] systemd[1]: Listening on /dev/initctl Compatibility Named Pipe.
[[0;32m  OK  [0m] Listening on /dev/initctl Compatibility Named Pipe.
[    6.740731] systemd[1]: Listening on Journal Socket.
[[0;32m  OK  [0m] Listening on Journal Socket.
[    6.742682] systemd[1]: Starting Create list of required static device nodes for the current kernel...
         Starting Create list of required st... nodes for the current kernel...
[    6.808159] systemd[1]: Starting Journal Service...
         Starting Journal Service...
[    6.813581] systemd[1]: Starting Uncomplicated firewall...
         Starting Uncomplicated firewall...
[    6.816655] systemd[1]: Mounting Huge Pages File System...
         Mounting Huge Pages File System...
[    6.818441] systemd[1]: Starting Set console keymap...
         Starting Set console keymap...
[    6.820708] systemd[1]: Mounting Debug File System...
         Mounting Debug File System...
[    6.823009] systemd[1]: Starting Nameserver information manager...
         Starting Nameserver information manager...
[    6.925026] systemd[1]: Starting Load Kernel Modules...
         Starting Load Kernel Modules...
[    6.927009] systemd[1]: Mounting POSIX Message Queue File System...
         Mounting POSIX Message Queue File System...
[    6.928891] systemd[1]: Listening on LVM2 metadata daemon socket.
[[0;32m  OK  [0m] Listening on LVM2 metadata daemon socket.
[    6.931701] systemd[1]: Starting Monitoring of LVM2 mirrors, snapshots etc. using dmeventd or progress polling...
         Starting Monitoring of LVM2 mirrors... dmeventd or progress polling...
[    6.934881] systemd[1]: Started Trigger resolvconf update for networkd DNS.
[[0;32m  OK  [0m] Started Trigger resolvconf update for networkd DNS.
[    6.937502] systemd[1]: Starting Remount Root and Kernel File Systems...
         Starting Remount Root and Kernel File Systems...
[    6.939347] systemd[1]: Started Forward Password Requests to Wall Directory Watch.
[[0;32m  OK  [0m] Started Forward Password Requests to Wall Directory Watch.
[    6.942824] systemd[1]: Mounted Debug File System.
[[0;32m  OK  [0m] Mounted Debug File System.
[    6.944275] systemd[1]: Mounted Huge Pages File System.
[[0;32m  OK  [0m] Mounted Huge Pages File System.
[    6.945731] systemd[1]: Mounted POSIX Message Queue File System.
[[0;32m  OK  [0m] Mounted POSIX Message Queue File System.
[    6.948729] systemd[1]: Started Create list of required static device nodes for the current kernel.
[[0;32m  OK  [0m] Started Create list of required sta...ce nodes for the current kernel.
[    6.952099] systemd[1]: Started Uncomplicated firewall.
[[0;32m  OK  [0m] Started Uncomplicated firewall.
[    6.955005] systemd[1]: Starting Create Static Device Nodes in /dev...
         Starting Create Static Device Nodes in /dev...
[    6.979201] EXT4-fs (sda1): re-mounted. Opts: (null)
[    6.980868] systemd[1]: Started Remount Root and Kernel File Systems.
[[0;32m  OK  [0m] Started Remount Root and Kernel File Systems.
[    6.995304] systemd[1]: Starting udev Coldplug all Devices...
         Starting udev Coldplug all Devices...
[    6.997724] systemd[1]: Starting Load/Save Random Seed...
         Starting Load/Save Random Seed...
[    7.018067] systemd[1]: Started Nameserver information manager.
[[0;32m  OK  [0m] Started Nameserver information manager.
[    7.387356] systemd[1]: Started Load/Save Random Seed.
[[0;32m  OK  [0m] Started Load/Save Random Seed.
[    7.429873] Loading iSCSI transport class v2.0-870.
[    7.492394] systemd[1]: Started Set console keymap.
[[0;32m  OK  [0m] Started Set console keymap.
[    7.511304] systemd[1]: Started udev Coldplug all Devices.
[[0;32m  OK  [0m] Started udev Coldplug all Devices.
[    7.553195] iscsi: registered transport (tcp)
[    7.614082] systemd[1]: Started Journal Service.
[[0;32m  OK  [0m] Started Journal Service.
         Starting Flush Journal to Persistent Storage...
[    7.670058] systemd-journald[377]: Received request to flush runtime journal from PID 1
[[0;32m  OK  [0m] Started Flush Journal to Persistent Storage.
[[0;32m  OK  [0m] Started LVM2 metadata daemon.
[    8.108534] iscsi: registered transport (iser)
[[0;32m  OK  [0m] Started Load Kernel Modules.
         Starting Apply Kernel Variables...
         Mounting FUSE Control File System...
[[0;32m  OK  [0m] Mounted FUSE Control File System.
[[0;32m  OK  [0m] Started Create Static Device Nodes in /dev.
         Starting udev Kernel Device Manager...
[[0;32m  OK  [0m] Started Apply Kernel Variables.
[[0;32m  OK  [0m] Started Monitoring of LVM2 mirrors,...ng dmeventd or progress polling.
[[0;32m  OK  [0m] Reached target Local File Systems (Pre).
[[0;32m  OK  [0m] Reached target Local File Systems.
         Starting Set console font and keymap...
         Starting Create Volatile Files and Directories...
         Starting LSB: AppArmor initialization...
         Starting Commit a transient machine-id on disk...
         Starting Initial cloud-init job (pre-networking)...
         Starting Tell Plymouth To Write Out Runtime Data...
[[0;32m  OK  [0m] Started Commit a transient machine-id on disk.
[[0;32m  OK  [0m] Started Create Volatile Files and Directories.
         Starting Update UTMP about System Boot/Shutdown...
[[0;32m  OK  [0m] Started Update UTMP about System Boot/Shutdown.
[[0;32m  OK  [0m] Started Tell Plymouth To Write Out Runtime Data.
[[0;32m  OK  [0m] Started udev Kernel Device Manager.
[[0;32m  OK  [0m] Started Dispatch Password Requests to Console Directory Watch.
[[0;32m  OK  [0m] Found device /dev/ttyS0.
[[0;32m  OK  [0m] Listening on Load/Save RF Kill Switch Status /dev/rfkill Watch.
[[0;32m  OK  [0m] Started LSB: AppArmor initialization.
[[0;32m  OK  [0m] Started Set console font and keymap.
[[0;32m  OK  [0m] Created slice system-getty.slice.
[   16.758557] cloud-init[490]: Cloud-init v. 19.2-36-g059d049c-0ubuntu2~16.04.1 running 'init-local' at Sat, 21 Mar 2020 15:31:46 +0000. Up 16.19 seconds.
[[0;32m  OK  [0m] Started Initial cloud-init job (pre-networking).
[[0;32m  OK  [0m] Reached target Network (Pre).
         Starting Raise network interfaces...
[[0;32m  OK  [0m] Started Raise network interfaces.
[[0;32m  OK  [0m] Reached target Network.
         Starting Initial cloud-init job (metadata service crawler)...
[   23.071114] cloud-init[981]: Cloud-init v. 19.2-36-g059d049c-0ubuntu2~16.04.1 running 'init' at Sat, 21 Mar 2020 15:31:50 +0000. Up 20.32 seconds.
[   23.073529] cloud-init[981]: ci-info: ++++++++++++++++++++++++++++++++++++++Net device info+++++++++++++++++++++++++++++++++++++++
[   23.076704] cloud-init[981]: ci-info: +--------+-------+----------------------------+---------------+--------+-------------------+
[   23.080584] cloud-init[981]: ci-info: | Device |   Up  |          Address           |      Mask     | Scope  |     Hw-Address    |
[   23.084623] cloud-init[981]: ci-info: +--------+-------+----------------------------+---------------+--------+-------------------+
[   23.085941] cloud-init[981]: ci-info: | enp0s3 |  True |         10.0.2.15          | 255.255.255.0 | global | 02:39:67:e0:78:98 |
[   23.092398] cloud-init[981]: ci-info: | enp0s3 |  True | fe80::39:67ff:fee0:7898/64 |       .       |  link  | 02:39:67:e0:78:98 |
[   23.093736] cloud-init[981]: ci-info: | enp0s8 | False |             .              |       .       |   .    | 08:00:27:a5:ce:2b |
[   23.095087] cloud-init[981]: ci-info: |   lo   |  True |         127.0.0.1          |   255.0.0.0   |  host  |         .         |
[   23.100448] cloud-init[981]: ci-info: |   lo   |  True |          ::1/128           |       .       |  host  |         .         |
[   23.101730] cloud-init[981]: ci-info: +--------+-------+----------------------------+---------------+--------+-------------------+
[   23.103076] cloud-init[981]: ci-info: +++++++++++++++++++++++++++Route IPv4 info++++++++++++++++++++++++++++
[   23.109159] cloud-init[981]: ci-info: +-------+-------------+----------+---------------+-----------+-------+
[   23.110362] cloud-init[981]: ci-info: | Route | Destination | Gateway  |    Genmask    | Interface | Flags |
[   23.111527] cloud-init[981]: ci-info: +-------+-------------+----------+---------------+-----------+-------+
[   23.112729] cloud-init[981]: ci-info: |   0   |   0.0.0.0   | 10.0.2.2 |    0.0.0.0    |   enp0s3  |   UG  |
[   23.116982] cloud-init[981]: ci-info: |   1   |   10.0.2.0  | 0.0.0.0  | 255.255.255.0 |   enp0s3  |   U   |
[   23.124760] cloud-init[981]: ci-info: +-------+-------------+----------+---------------+-----------+-------+
[   23.125902] cloud-init[981]: ci-info: +++++++++++++++++++Route IPv6 info+++++++++++++++++++
[   23.126969] cloud-init[981]: ci-info: +-------+-------------+---------+-----------+-------+
[   23.132476] cloud-init[981]: ci-info: | Route | Destination | Gateway | Interface | Flags |
[   23.133572] cloud-init[981]: ci-info: +-------+-------------+---------+-----------+-------+
[   23.134562] cloud-init[981]: ci-info: |   0   |  fe80::/64  |    ::   |   enp0s3  |   U   |
[   23.135646] cloud-init[981]: ci-info: |   4   |   ff00::/8  |    ::   |   enp0s3  |   U   |
[   23.138803] cloud-init[981]: ci-info: +-------+-------------+---------+-----------+-------+
[   23.140018] cloud-init[981]: Generating public/private rsa key pair.
[[0;32m  OK  [0m] Started Initial cloud-init job (metadata service crawler).
[[0;32m  OK  [0m] Reached target System Initialization.
         Starting Socket activation for snappy daemon.
[[0;32m  OK  [0m] Started Daily apt download activities.
[[0;32m  OK  [0m] Started Daily Cleanup of Temporary Directories.
[   23.144121] cloud-init[981]: Your identification has been saved in /etc/ssh/ssh_host_rsa_key.
[   23.146561] cloud-init[981]: Your public key has been saved in /etc/ssh/ssh_host_rsa_key.pub.
[[0;32m  OK  [0m] Started Message of the Day.
[   23.149115] cloud-init[981]: The key fingerprint is:
[   23.149937] cloud-init[981]: SHA256:NJVqizRgDVstFv7Er3uG2CiH5EdpIuB9G1aK4y/U17k root@ubuntu-xenial
[   23.150919] cloud-init[981]: The key's randomart image is:
[   23.151695] cloud-init[981]: +---[RSA 2048]----+
[   23.152445] cloud-init[981]: |    .ooo  ..     |
[   23.153175] cloud-init[981]: |    o++....      |
[   23.153823] cloud-init[981]: |   ..o..=.       |
[   23.154485] cloud-init[981]: |.     o=oo       |
[   23.155163] cloud-init[981]: |... o.o=S.o      |
[   23.155838] cloud-init[981]: | ..=o*=..+       |
[   23.156551] cloud-init[981]: |  o++=++...      |
[   23.157215] cloud-init[981]: |   o+.= oEo      |
[   23.157884] cloud-init[981]: |    o=  .o       |
[   23.158547] cloud-init[981]: +----[SHA256]-----+
[   23.159215] cloud-init[981]: Generating public/private dsa key pair.
[   23.159992] cloud-init[981]: Your identification has been saved in /etc/ssh/ssh_host_dsa_key.
[   23.160931] cloud-init[981]: Your public key has been saved in /etc/ssh/ssh_host_dsa_key.pub.
[   23.161889] cloud-init[981]: The key fingerprint is:
[   23.162616] cloud-init[981]: SHA256:cahrMz47i4tVAtMlX2iMLZmOe3MvpHz8JVagBmQcuCQ root@ubuntu-xenial
[[0;32m  OK  [0m] Started ACPI Events Check.
[[0;32m  OK  [0m] Reached target Paths.
[[0;32m  OK  [0m] Listening on D-Bus System Message Bus Socket.
[[0;32m  OK  [0m] Listening on ACPID Listen Socket.
[[0;32m  OK  [0m] Listening on UUID daemon activation socket.
[   23.163742] cloud-init[981]: The key's randomart image is:
[   23.167335] cloud-init[981]: +---[DSA 1024]----+
[   23.168068] cloud-init[981]: |   o=B...        |
[   23.168814] cloud-init[981]: |E o+*+=. .       |
[   23.169519] cloud-init[981]: | oo+oo. + .      |
[   23.170235] cloud-init[981]: |  oo.. o +       |
[   23.170947] cloud-init[981]: |   .. = S .      |
[   23.171541] cloud-init[981]: |  . o+o. .       |
[   23.172257] cloud-init[981]: |   o.*=.o .      |
[   23.172966] cloud-init[981]: |   oo+*+.o       |
[   23.173655] cloud-init[981]: |  . oo+B.        |
[   23.174360] cloud-init[981]: +----[SHA256]-----+
[   23.175064] cloud-init[981]: Generating public/private ecdsa key pair.
[   23.175898] cloud-init[981]: Your identification has been saved in /etc/ssh/ssh_host_ecdsa_key.
[   23.176914] cloud-init[981]: Your public key has been saved in /etc/ssh/ssh_host_ecdsa_key.pub.
[   23.177866] cloud-init[981]: The key fingerprint is:
         Starting LXD - unix socket.
[[0;32m  OK  [0m] Started Daily apt upgrade and clean activities.
[[0;32m  OK  [0m] Reached target Timers.
[[0;32m  OK  [0m] Reached target Cloud-config availability.
[[0;32m  OK  [0m] Reached target Network is Online.
         Starting iSCSI initiator daemon (iscsid)...
[[0;32m  OK  [0m] Listening on Socket activation for snappy daemon.
[   23.178582] cloud-init[981]: SHA256:ny6IgxQSYEsHRjRvfavdC8fWjf3sjPBFPZ2xgD5H1f8 root@ubuntu-xenial
[   23.185571] cloud-init[981]: The key's randomart image is:
[   23.186377] cloud-init[981]: +---[ECDSA 256]---+
[   23.187112] cloud-init[981]: |=O..           ..|
[   23.188757] cloud-init[981]: |= = .       . . .|
[   23.189633] cloud-init[981]: | o o . .   . o ..|
[[0;32m  OK  [0m] Listening on LXD - unix socket.
[[0;32m  OK  [0m] Reached target Sockets.
[   23.192632] cloud-init[981]: |. o   . . . . . B|
[   23.193185] cloud-init[981]: | . .   .S  o . =+|
[   23.193666] cloud-init[981]: |  .   o o...* . E|
[   23.194240] cloud-init[981]: | . . o + =o+ o . |
[   23.194798] cloud-init[981]: |  . o . =.. o *  |
[   23.195349] cloud-init[981]: |     .   o.  o.= |
[   23.195912] [[0;32m  OK  [0m] Reached target Basic System.
         Starting Accounts Service...
         Starting LSB: Record successful boot for GRUB...
[[0;32m  OK  [0m] Started Deferred execution scheduler.
[cloud-init[981]: +----[SHA256]-----+
[   23.201234] cloud-init[981]: Generating public/private ed25519 key pair.
[   23.201960] cloud-init[981]: Your identification has been saved in /etc/ssh/ssh_host_ed25519_key.
[   23.202838] cloud-init[981]: Your public key has been saved in /etc/ssh/ssh_host_ed25519_key.pub.
[0;32m  OK  [0m] Started FUSE filesystem for LXC.
[   23.208273] cloud-init[981]: The key fingerprint is:
[   23.210386] cloud-init[981]: SHA256:mxwNUXZQAciHrG2UZarF3dDPwHvTTkMALj52u7C7Dvs root@ubuntu-xenial
[   23.212329] cloud-init[981]: The key's randomart image is:
[   23.213207] cloud-init[981]: +--[ED25519 256]--+
[   23.213952] cloud-init[981]: |       o.*OB=o.  |         Starting Pollinate to seed the pseudo random number generator...
[[0;32m  OK  [0m] Started D-Bus System Message Bus.

[   23.219756] cloud-init[981]: |       .B*o++  . |
[   23.220613] cloud-init[981]: |       +=o...=.. |
[   23.222346] cloud-init[981]: |      .o+o. . =.o|
[   23.223544] cloud-init[981]: |      ..S+.. . +.|
[   23.224926] cloud-init[981]: |       ..+o .   .|
[   23.225663] cloud-init[981]: |       .+. .     |
[   23.226394] cloud-init[981]: |        o o .    |
[   23.227125] cloud-init[981]: |       .oEo.     |
[   23.227867] cloud-init[981]: +----[SHA256]-----+
         Starting LSB: MD monitoring daemon...
         Starting LXD - container startup/shutdown...
         Starting Snappy daemon...
[[0;32m  OK  [0m] Started Regular background program processing daemon.
         Starting System Logging Service...
         Starting Virtualbox guest utils...
[[0;32m  OK  [0m] Started ACPI event daemon.
         Starting Login Service...
         Starting /etc/rc.local Compatibility...
[[0;32m  OK  [0m] Started /etc/rc.local Compatibility.
[[0;32m  OK  [0m] Started iSCSI initiator daemon (iscsid).
         Starting Login to default iSCSI targets...
[[0;32m  OK  [0m] Started LSB: Record successful boot for GRUB.
[[0;32m  OK  [0m] Started Login Service.
[[0;32m  OK  [0m] Started Unattended Upgrades Shutdown.
[[0;32m  OK  [0m] Started Login to default iSCSI targets.
[[0;32m  OK  [0m] Reached target Remote File Systems (Pre).
[[0;32m  OK  [0m] Reached target Remote File Systems.
         Starting LSB: automatic crash report generation...
         Starting LSB: Set the CPU Frequency Scaling governor to "ondemand"...
         Starting LSB: daemon to balance interrupts for SMP systems...
         Starting Permit User Sessions...
[[0;32m  OK  [0m] Started LSB: Set the CPU Frequency Scaling governor to "ondemand".
[[0;32m  OK  [0m] Started Permit User Sessions.
         Starting Hold until boot process finishes up...
         Starting Terminate Plymouth Boot Screen...
[[0;32m  OK  [0m] Started Hold until boot process finishes up.
         Starting Set console scheme...
[[0;32m  OK  [0m] Started Getty on tty1.
[[0;32m  OK  [0m] Started Serial Getty on ttyS0.
[[0;32m  OK  [0m] Reached target Login Prompts.
[[0;32m  OK  [0m] Started Terminate Plymouth Boot Screen.
[[0;32m  OK  [0m] Started LSB: MD monitoring daemon.
[[0;32m  OK  [0m] Started LSB: daemon to balance interrupts for SMP systems.
[[0;32m  OK  [0m] Started Virtualbox guest utils.
[[0;32m  OK  [0m] Started Set console scheme.
[[0;32m  OK  [0m] Started System Logging Service.
[[0;32m  OK  [0m] Started LSB: automatic crash report generation.
         Starting Authenticate and Authorize Users to Run Privileged Tasks...
[[0;32m  OK  [0m] Started Authenticate and Authorize Users to Run Privileged Tasks.
[[0;32m  OK  [0m] Started Accounts Service.
[[0;32m  OK  [0m] Started Pollinate to seed the pseudo random number generator.
         Starting OpenBSD Secure Shell server...
[[0;32m  OK  [0m] Started OpenBSD Secure Shell server.
[[0;32m  OK  [0m] Started Snappy daemon.
         Starting Wait until snapd is fully seeded...

Ubuntu 16.04.6 LTS ubuntu-xenial ttyS0

ubuntu-xenial login: [   35.701365] cloud-init[1576]: Generating locales (this might take a while)...
[   36.634548] cloud-init[1576]:   en_US.UTF-8... done
[   36.637977] cloud-init[1576]: Generation complete.
[   38.116249] cloud-init[1576]: Cloud-init v. 19.2-36-g059d049c-0ubuntu2~16.04.1 running 'modules:config' at Sat, 21 Mar 2020 15:32:05 +0000. Up 35.15 seconds.
ci-info: no authorized ssh keys fingerprints found for user ubuntu.
<14>Mar 21 15:32:08 ec2: 
<14>Mar 21 15:32:08 ec2: #############################################################
<14>Mar 21 15:32:08 ec2: -----BEGIN SSH HOST KEY FINGERPRINTS-----
<14>Mar 21 15:32:08 ec2: 1024 SHA256:cahrMz47i4tVAtMlX2iMLZmOe3MvpHz8JVagBmQcuCQ root@ubuntu-xenial (DSA)
<14>Mar 21 15:32:08 ec2: 256 SHA256:ny6IgxQSYEsHRjRvfavdC8fWjf3sjPBFPZ2xgD5H1f8 root@ubuntu-xenial (ECDSA)
<14>Mar 21 15:32:08 ec2: 256 SHA256:mxwNUXZQAciHrG2UZarF3dDPwHvTTkMALj52u7C7Dvs root@ubuntu-xenial (ED25519)
<14>Mar 21 15:32:08 ec2: 2048 SHA256:NJVqizRgDVstFv7Er3uG2CiH5EdpIuB9G1aK4y/U17k root@ubuntu-xenial (RSA)
<14>Mar 21 15:32:08 ec2: -----END SSH HOST KEY FINGERPRINTS-----
<14>Mar 21 15:32:08 ec2: #############################################################
-----BEGIN SSH HOST KEY KEYS-----
ecdsa-sha2-nistp256 AAAAE2VjZHNhLXNoYTItbmlzdHAyNTYAAAAIbmlzdHAyNTYAAABBBFALrKZEw6LDfcXQgfHB6LqE7DwY1uGl2AzOFYtxsSl1Nvm+/OmGiw5p+098GzN9ERp9A7m7IPlVtic4Fske4Mg= root@ubuntu-xenial
ssh-ed25519 AAAAC3NzaC1lZDI1NTE5AAAAIHoLNf8tup02VqVTsoOK040tptdFujJtjHbNsd9yrmw7 root@ubuntu-xenial
ssh-rsa AAAAB3NzaC1yc2EAAAADAQABAAABAQC4cfW4kbTw7a4LMCJI3emPzmwixFVJA03i0Viw+Pui0S0fTXC6r2eTd2zM/B6yQiMmyDKmMGpHo4T7N+tIeg8TSFdvo+B+ulLC2fV+maE9Dn7DTSCWH1DVvmC4JloWQNY7T/kPjd6R9ucGD4m1wifKKWu6dGPr8ActEV63uVxNNZyM5WCEMo0CGwoWXqLyGFvRCqgS1t48Yarni4HOw3vXS7FSWsX+fGTNSLwiXTuXSpYjOr2XVb2RA8srZUiX14ZauaUj+XbaQg2gay/RwbmdofMiih6FjvremJScZn227ZHKFhCu2zUXNLuOYXPk70hNvATbySA13Ugv94wRv4hp root@ubuntu-xenial
-----END SSH HOST KEY KEYS-----
[   38.686234] cloud-init[1877]: Cloud-init v. 19.2-36-g059d049c-0ubuntu2~16.04.1 running 'modules:final' at Sat, 21 Mar 2020 15:32:08 +0000. Up 38.43 seconds.
[   38.687668] cloud-init[1877]: ci-info: no authorized ssh keys fingerprints found for user ubuntu.
[   38.688801] cloud-init[1877]: Cloud-init v. 19.2-36-g059d049c-0ubuntu2~16.04.1 finished at Sat, 21 Mar 2020 15:32:08 +0000. Datasource DataSourceNoCloud [seed=/dev/sdb][dsmode=net].  Up 38.68 seconds
